# Logfile created on 2016-06-25 18:02:46 -0600 by logger.rb/47272
[Magic Beans] [Translation] Locale can only contain the characters A-Z, and _ (Original Translation Text: Test)
